Archive member included to satisfy reference by file (symbol)

h:/stm32/ide/stm32cubeide_1.5.0/stm32cubeide/plugins/com.st.stm32cube.ide.mcu.externaltools.gnu-tools-for-stm32.7-2018-q2-update.win32_1.5.0.202011040924/tools/bin/../lib/gcc/arm-none-eabi/7.3.1/../../../../arm-none-eabi/lib/thumb/v7e-m/fpv4-sp/hard\libc_nano.a(lib_a-errno.o)
                              Core/Src/syscalls.o (__errno)
h:/stm32/ide/stm32cubeide_1.5.0/stm32cubeide/plugins/com.st.stm32cube.ide.mcu.externaltools.gnu-tools-for-stm32.7-2018-q2-update.win32_1.5.0.202011040924/tools/bin/../lib/gcc/arm-none-eabi/7.3.1/../../../../arm-none-eabi/lib/thumb/v7e-m/fpv4-sp/hard\libc_nano.a(lib_a-exit.o)
                              h:/stm32/ide/stm32cubeide_1.5.0/stm32cubeide/plugins/com.st.stm32cube.ide.mcu.externaltools.gnu-tools-for-stm32.7-2018-q2-update.win32_1.5.0.202011040924/tools/bin/../lib/gcc/arm-none-eabi/7.3.1/../../../../arm-none-eabi/lib/thumb/v7e-m/fpv4-sp/hard/crt0.o (exit)
h:/stm32/ide/stm32cubeide_1.5.0/stm32cubeide/plugins/com.st.stm32cube.ide.mcu.externaltools.gnu-tools-for-stm32.7-2018-q2-update.win32_1.5.0.202011040924/tools/bin/../lib/gcc/arm-none-eabi/7.3.1/../../../../arm-none-eabi/lib/thumb/v7e-m/fpv4-sp/hard\libc_nano.a(lib_a-impure.o)
                              h:/stm32/ide/stm32cubeide_1.5.0/stm32cubeide/plugins/com.st.stm32cube.ide.mcu.externaltools.gnu-tools-for-stm32.7-2018-q2-update.win32_1.5.0.202011040924/tools/bin/../lib/gcc/arm-none-eabi/7.3.1/../../../../arm-none-eabi/lib/thumb/v7e-m/fpv4-sp/hard\libc_nano.a(lib_a-exit.o) (_global_impure_ptr)
h:/stm32/ide/stm32cubeide_1.5.0/stm32cubeide/plugins/com.st.stm32cube.ide.mcu.externaltools.gnu-tools-for-stm32.7-2018-q2-update.win32_1.5.0.202011040924/tools/bin/../lib/gcc/arm-none-eabi/7.3.1/../../../../arm-none-eabi/lib/thumb/v7e-m/fpv4-sp/hard\libc_nano.a(lib_a-init.o)
                              h:/stm32/ide/stm32cubeide_1.5.0/stm32cubeide/plugins/com.st.stm32cube.ide.mcu.externaltools.gnu-tools-for-stm32.7-2018-q2-update.win32_1.5.0.202011040924/tools/bin/../lib/gcc/arm-none-eabi/7.3.1/../../../../arm-none-eabi/lib/thumb/v7e-m/fpv4-sp/hard/crt0.o (__libc_init_array)
h:/stm32/ide/stm32cubeide_1.5.0/stm32cubeide/plugins/com.st.stm32cube.ide.mcu.externaltools.gnu-tools-for-stm32.7-2018-q2-update.win32_1.5.0.202011040924/tools/bin/../lib/gcc/arm-none-eabi/7.3.1/../../../../arm-none-eabi/lib/thumb/v7e-m/fpv4-sp/hard\libc_nano.a(lib_a-memset.o)
                              h:/stm32/ide/stm32cubeide_1.5.0/stm32cubeide/plugins/com.st.stm32cube.ide.mcu.externaltools.gnu-tools-for-stm32.7-2018-q2-update.win32_1.5.0.202011040924/tools/bin/../lib/gcc/arm-none-eabi/7.3.1/../../../../arm-none-eabi/lib/thumb/v7e-m/fpv4-sp/hard/crt0.o (memset)

Allocating common symbols
Common symbol       size              file

hadc2               0x50              Core/Src/adc.o
hcan                0x28              Core/Src/can.o
uwTick              0x4               Drivers/STM32F3xx_HAL_Driver/Src/stm32f3xx_hal.o
pFlash              0x20              Drivers/STM32F3xx_HAL_Driver/Src/stm32f3xx_hal_flash.o
htim3               0x4c              Core/Src/tim.o
hadc1               0x50              Core/Src/adc.o
hhrtim1             0xdc              Core/Src/hrtim.o
hdma_adc1           0x44              Core/Src/adc.o
htim6               0x4c              Core/Src/tim.o
htim1               0x4c              Core/Src/tim.o
htim2               0x4c              Core/Src/tim.o
hdma_adc2           0x44              Core/Src/adc.o

Discarded input sections

 .text          0x0000000000000000        0x0 h:/stm32/ide/stm32cubeide_1.5.0/stm32cubeide/plugins/com.st.stm32cube.ide.mcu.externaltools.gnu-tools-for-stm32.7-2018-q2-update.win32_1.5.0.202011040924/tools/bin/../lib/gcc/arm-none-eabi/7.3.1/thumb/v7e-m/fpv4-sp/hard/crti.o
 .data          0x0000000000000000        0x0 h:/stm32/ide/stm32cubeide_1.5.0/stm32cubeide/plugins/com.st.stm32cube.ide.mcu.externaltools.gnu-tools-for-stm32.7-2018-q2-update.win32_1.5.0.202011040924/tools/bin/../lib/gcc/arm-none-eabi/7.3.1/thumb/v7e-m/fpv4-sp/hard/crti.o
 .bss           0x0000000000000000        0x0 h:/stm32/ide/stm32cubeide_1.5.0/stm32cubeide/plugins/com.st.stm32cube.ide.mcu.externaltools.gnu-tools-for-stm32.7-2018-q2-update.win32_1.5.0.202011040924/tools/bin/../lib/gcc/arm-none-eabi/7.3.1/thumb/v7e-m/fpv4-sp/hard/crti.o
 .data          0x0000000000000000        0x4 h:/stm32/ide/stm32cubeide_1.5.0/stm32cubeide/plugins/com.st.stm32cube.ide.mcu.externaltools.gnu-tools-for-stm32.7-2018-q2-update.win32_1.5.0.202011040924/tools/bin/../lib/gcc/arm-none-eabi/7.3.1/thumb/v7e-m/fpv4-sp/hard/crtbegin.o
 .text          0x0000000000000000       0x74 h:/stm32/ide/stm32cubeide_1.5.0/stm32cubeide/plugins/com.st.stm32cube.ide.mcu.externaltools.gnu-tools-for-stm32.7-2018-q2-update.win32_1.5.0.202011040924/tools/bin/../lib/gcc/arm-none-eabi/7.3.1/../../../../arm-none-eabi/lib/thumb/v7e-m/fpv4-sp/hard/crt0.o
[...]
Memory Configuration

Name             Origin             Length             Attributes
CCMRAM           0x0000000010000000 0x0000000000001000 xrw
RAM              0x0000000020000000 0x0000000000003000 xrw
FLASH            0x0000000008000000 0x0000000000010000 xr
*default*        0x0000000000000000 0xffffffffffffffff

Linker script and memory map

LOAD h:/stm32/ide/stm32cubeide_1.5.0/stm32cubeide/plugins/com.st.stm32cube.ide.mcu.externaltools.gnu-tools-for-stm32.7-2018-q2-update.win32_1.5.0.202011040924/tools/bin/../lib/gcc/arm-none-eabi/7.3.1/thumb/v7e-m/fpv4-sp/hard/crti.o
LOAD h:/stm32/ide/stm32cubeide_1.5.0/stm32cubeide/plugins/com.st.stm32cube.ide.mcu.externaltools.gnu-tools-for-stm32.7-2018-q2-update.win32_1.5.0.202011040924/tools/bin/../lib/gcc/arm-none-eabi/7.3.1/thumb/v7e-m/fpv4-sp/hard/crtbegin.o
LOAD h:/stm32/ide/stm32cubeide_1.5.0/stm32cubeide/plugins/com.st.stm32cube.ide.mcu.externaltools.gnu-tools-for-stm32.7-2018-q2-update.win32_1.5.0.202011040924/tools/bin/../lib/gcc/arm-none-eabi/7.3.1/../../../../arm-none-eabi/lib/thumb/v7e-m/fpv4-sp/hard/crt0.o
LOAD Core/Src/adc.o
LOAD Core/Src/can.o
LOAD Core/Src/dma.o
LOAD Core/Src/gpio.o
LOAD Core/Src/hrtim.o
LOAD Core/Src/main.o
LOAD Core/Src/stm32f3xx_hal_msp.o
LOAD Core/Src/stm32f3xx_it.o
LOAD Core/Src/syscalls.o
LOAD Core/Src/sysmem.o
LOAD Core/Src/system_stm32f3xx.o
LOAD Core/Src/tim.o
LOAD Core/Startup/startup_stm32f334c8tx.o
LOAD Drivers/STM32F3xx_HAL_Driver/Src/stm32f3xx_hal.o
LOAD Drivers/STM32F3xx_HAL_Driver/Src/stm32f3xx_hal_adc.o
LOAD Drivers/STM32F3xx_HAL_Driver/Src/stm32f3xx_hal_adc_ex.o
LOAD Drivers/STM32F3xx_HAL_Driver/Src/stm32f3xx_hal_can.o
LOAD Drivers/STM32F3xx_HAL_Driver/Src/stm32f3xx_hal_cortex.o
LOAD Drivers/STM32F3xx_HAL_Driver/Src/stm32f3xx_hal_dma.o
LOAD Drivers/STM32F3xx_HAL_Driver/Src/stm32f3xx_hal_exti.o
LOAD Drivers/STM32F3xx_HAL_Driver/Src/stm32f3xx_hal_flash.o
LOAD Drivers/STM32F3xx_HAL_Driver/Src/stm32f3xx_hal_flash_ex.o
LOAD Drivers/STM32F3xx_HAL_Driver/Src/stm32f3xx_hal_gpio.o
LOAD Drivers/STM32F3xx_HAL_Driver/Src/stm32f3xx_hal_hrtim.o
LOAD Drivers/STM32F3xx_HAL_Driver/Src/stm32f3xx_hal_i2c.o
LOAD Drivers/STM32F3xx_HAL_Driver/Src/stm32f3xx_hal_i2c_ex.o
LOAD Drivers/STM32F3xx_HAL_Driver/Src/stm32f3xx_hal_pwr.o
LOAD Drivers/STM32F3xx_HAL_Driver/Src/stm32f3xx_hal_pwr_ex.o
LOAD Drivers/STM32F3xx_HAL_Driver/Src/stm32f3xx_hal_rcc.o
LOAD Drivers/STM32F3xx_HAL_Driver/Src/stm32f3xx_hal_rcc_ex.o
LOAD Drivers/STM32F3xx_HAL_Driver/Src/stm32f3xx_hal_tim.o
LOAD Drivers/STM32F3xx_HAL_Driver/Src/stm32f3xx_hal_tim_ex.o
START GROUP
LOAD h:/stm32/ide/stm32cubeide_1.5.0/stm32cubeide/plugins/com.st.stm32cube.ide.mcu.externaltools.gnu-tools-for-stm32.7-2018-q2-update.win32_1.5.0.202011040924/tools/bin/../lib/gcc/arm-none-eabi/7.3.1/../../../../arm-none-eabi/lib/thumb/v7e-m/fpv4-sp/hard\libc_nano.a
LOAD h:/stm32/ide/stm32cubeide_1.5.0/stm32cubeide/plugins/com.st.stm32cube.ide.mcu.externaltools.gnu-tools-for-stm32.7-2018-q2-update.win32_1.5.0.202011040924/tools/bin/../lib/gcc/arm-none-eabi/7.3.1/../../../../arm-none-eabi/lib/thumb/v7e-m/fpv4-sp/hard\libm.a
END GROUP
START GROUP
LOAD h:/stm32/ide/stm32cubeide_1.5.0/stm32cubeide/plugins/com.st.stm32cube.ide.mcu.externaltools.gnu-tools-for-stm32.7-2018-q2-update.win32_1.5.0.202011040924/tools/bin/../lib/gcc/arm-none-eabi/7.3.1/thumb/v7e-m/fpv4-sp/hard\libgcc.a
LOAD h:/stm32/ide/stm32cubeide_1.5.0/stm32cubeide/plugins/com.st.stm32cube.ide.mcu.externaltools.gnu-tools-for-stm32.7-2018-q2-update.win32_1.5.0.202011040924/tools/bin/../lib/gcc/arm-none-eabi/7.3.1/../../../../arm-none-eabi/lib/thumb/v7e-m/fpv4-sp/hard\libc_nano.a
END GROUP
START GROUP
LOAD h:/stm32/ide/stm32cubeide_1.5.0/stm32cubeide/plugins/com.st.stm32cube.ide.mcu.externaltools.gnu-tools-for-stm32.7-2018-q2-update.win32_1.5.0.202011040924/tools/bin/../lib/gcc/arm-none-eabi/7.3.1/thumb/v7e-m/fpv4-sp/hard\libgcc.a
LOAD h:/stm32/ide/stm32cubeide_1.5.0/stm32cubeide/plugins/com.st.stm32cube.ide.mcu.externaltools.gnu-tools-for-stm32.7-2018-q2-update.win32_1.5.0.202011040924/tools/bin/../lib/gcc/arm-none-eabi/7.3.1/../../../../arm-none-eabi/lib/thumb/v7e-m/fpv4-sp/hard\libc_nano.a
LOAD h:/stm32/ide/stm32cubeide_1.5.0/stm32cubeide/plugins/com.st.stm32cube.ide.mcu.externaltools.gnu-tools-for-stm32.7-2018-q2-update.win32_1.5.0.202011040924/tools/bin/../lib/gcc/arm-none-eabi/7.3.1/../../../../arm-none-eabi/lib/thumb/v7e-m/fpv4-sp/hard\libnosys.a
END GROUP
START GROUP
LOAD h:/stm32/ide/stm32cubeide_1.5.0/stm32cubeide/plugins/com.st.stm32cube.ide.mcu.externaltools.gnu-tools-for-stm32.7-2018-q2-update.win32_1.5.0.202011040924/tools/bin/../lib/gcc/arm-none-eabi/7.3.1/thumb/v7e-m/fpv4-sp/hard\libgcc.a
LOAD h:/stm32/ide/stm32cubeide_1.5.0/stm32cubeide/plugins/com.st.stm32cube.ide.mcu.externaltools.gnu-tools-for-stm32.7-2018-q2-update.win32_1.5.0.202011040924/tools/bin/../lib/gcc/arm-none-eabi/7.3.1/../../../../arm-none-eabi/lib/thumb/v7e-m/fpv4-sp/hard\libc_nano.a
LOAD h:/stm32/ide/stm32cubeide_1.5.0/stm32cubeide/plugins/com.st.stm32cube.ide.mcu.externaltools.gnu-tools-for-stm32.7-2018-q2-update.win32_1.5.0.202011040924/tools/bin/../lib/gcc/arm-none-eabi/7.3.1/../../../../arm-none-eabi/lib/thumb/v7e-m/fpv4-sp/hard\libnosys.a
END GROUP
LOAD h:/stm32/ide/stm32cubeide_1.5.0/stm32cubeide/plugins/com.st.stm32cube.ide.mcu.externaltools.gnu-tools-for-stm32.7-2018-q2-update.win32_1.5.0.202011040924/tools/bin/../lib/gcc/arm-none-eabi/7.3.1/thumb/v7e-m/fpv4-sp/hard/crtend.o
LOAD h:/stm32/ide/stm32cubeide_1.5.0/stm32cubeide/plugins/com.st.stm32cube.ide.mcu.externaltools.gnu-tools-for-stm32.7-2018-q2-update.win32_1.5.0.202011040924/tools/bin/../lib/gcc/arm-none-eabi/7.3.1/thumb/v7e-m/fpv4-sp/hard/crtn.o
                0x0000000020003000                _estack = (ORIGIN (RAM) + LENGTH (RAM))
                0x0000000000000200                _Min_Heap_Size = 0x200
                0x0000000000000400                _Min_Stack_Size = 0x400

.isr_vector     0x0000000008000000      0x188
                0x0000000008000000                . = ALIGN (0x4)
 *(.isr_vector)
 .isr_vector    0x0000000008000000      0x188 Core/Startup/startup_stm32f334c8tx.o
                0x0000000008000000                g_pfnVectors
                0x0000000008000188                . = ALIGN (0x4)

.text           0x0000000008000188      0xaa8
                0x0000000008000188                . = ALIGN (0x4)
 *(.text)
 .text          0x0000000008000188       0x40 h:/stm32/ide/stm32cubeide_1.5.0/stm32cubeide/plugins/com.st.stm32cube.ide.mcu.externaltools.gnu-tools-for-stm32.7-2018-q2-update.win32_1.5.0.202011040924/tools/bin/../lib/gcc/arm-none-eabi/7.3.1/thumb/v7e-m/fpv4-sp/hard/crtbegin.o
 *(.text*)
 .text.NMI_Handler
                0x00000000080001c8        0xa Core/Src/stm32f3xx_it.o
                0x00000000080001c8                NMI_Handler
 .text.HardFault_Handler
                0x00000000080001d2        0x6 Core/Src/stm32f3xx_it.o
                0x00000000080001d2                HardFault_Handler
 .text.MemManage_Handler
                0x00000000080001d8        0x6 Core/Src/stm32f3xx_it.o
                0x00000000080001d8                MemManage_Handler
 .text.BusFault_Handler
                0x00000000080001de        0x6 Core/Src/stm32f3xx_it.o
                0x00000000080001de                BusFault_Handler
 .text.UsageFault_Handler
                0x00000000080001e4        0x6 Core/Src/stm32f3xx_it.o
                0x00000000080001e4                UsageFault_Handler
 .text.SVC_Handler
                0x00000000080001ea        0xe Core/Src/stm32f3xx_it.o
                0x00000000080001ea                SVC_Handler
 .text.DebugMon_Handler
                0x00000000080001f8        0xe Core/Src/stm32f3xx_it.o
                0x00000000080001f8                DebugMon_Handler
 .text.PendSV_Handler
                0x0000000008000206        0xe Core/Src/stm32f3xx_it.o
                0x0000000008000206                PendSV_Handler
 .text.SysTick_Handler
                0x0000000008000214        0xc Core/Src/stm32f3xx_it.o
                0x0000000008000214                SysTick_Handler
 .text.DMA1_Channel1_IRQHandler
                0x0000000008000220       0x14 Core/Src/stm32f3xx_it.o
                0x0000000008000220                DMA1_Channel1_IRQHandler
 .text.DMA1_Channel2_IRQHandler
                0x0000000008000234       0x14 Core/Src/stm32f3xx_it.o
                0x0000000008000234                DMA1_Channel2_IRQHandler
 .text.CAN_RX0_IRQHandler
                0x0000000008000248       0x14 Core/Src/stm32f3xx_it.o
                0x0000000008000248                CAN_RX0_IRQHandler
 .text.TIM6_DAC1_IRQHandler
                0x000000000800025c       0x14 Core/Src/stm32f3xx_it.o
                0x000000000800025c                TIM6_DAC1_IRQHandler
 .text.SystemInit
                0x0000000008000270       0x24 Core/Src/system_stm32f3xx.o
                0x0000000008000270                SystemInit
 .text.Reset_Handler
                0x0000000008000294       0x50 Core/Startup/startup_stm32f334c8tx.o
                0x0000000008000294                Reset_Handler
 .text.Default_Handler
                0x00000000080002e4        0x2 Core/Startup/startup_stm32f334c8tx.o
                0x00000000080002e4                RTC_Alarm_IRQHandler
                0x00000000080002e4                HRTIM1_Master_IRQHandler
                0x00000000080002e4                TIM1_CC_IRQHandler
                0x00000000080002e4                HRTIM1_FLT_IRQHandler
                0x00000000080002e4                PVD_IRQHandler
                0x00000000080002e4                HRTIM1_TIMD_IRQHandler
                0x00000000080002e4                TAMP_STAMP_IRQHandler
                0x00000000080002e4                EXTI3_IRQHandler
                0x00000000080002e4                EXTI0_IRQHandler
                0x00000000080002e4                FPU_IRQHandler
                0x00000000080002e4                CAN_TX_IRQHandler
                0x00000000080002e4                TIM1_UP_TIM16_IRQHandler
                0x00000000080002e4                ADC1_2_IRQHandler
                0x00000000080002e4                HRTIM1_TIME_IRQHandler
                0x00000000080002e4                SPI1_IRQHandler
                0x00000000080002e4                CAN_SCE_IRQHandler
                0x00000000080002e4                HRTIM1_TIMC_IRQHandler
                0x00000000080002e4                DMA1_Channel4_IRQHandler
                0x00000000080002e4                USART3_IRQHandler
                0x00000000080002e4                DMA1_Channel7_IRQHandler
                0x00000000080002e4                TIM7_DAC2_IRQHandler
                0x00000000080002e4                CAN_RX1_IRQHandler
                0x00000000080002e4                I2C1_EV_IRQHandler
                0x00000000080002e4                DMA1_Channel6_IRQHandler
                0x00000000080002e4                TIM3_IRQHandler
                0x00000000080002e4                RCC_IRQHandler
                0x00000000080002e4                Default_Handler
                0x00000000080002e4                EXTI15_10_IRQHandler
                0x00000000080002e4                COMP2_IRQHandler
                0x00000000080002e4                HRTIM1_TIMA_IRQHandler
                0x00000000080002e4                EXTI9_5_IRQHandler
                0x00000000080002e4                RTC_WKUP_IRQHandler
                0x00000000080002e4                DMA1_Channel5_IRQHandler
                0x00000000080002e4                EXTI4_IRQHandler
                0x00000000080002e4                HRTIM1_TIMB_IRQHandler
                0x00000000080002e4                TIM1_TRG_COM_TIM17_IRQHandler
                0x00000000080002e4                DMA1_Channel3_IRQHandler
                0x00000000080002e4                WWDG_IRQHandler
                0x00000000080002e4                TIM2_IRQHandler
                0x00000000080002e4                EXTI1_IRQHandler
                0x00000000080002e4                COMP4_6_IRQHandler
                0x00000000080002e4                USART2_IRQHandler
                0x00000000080002e4                FLASH_IRQHandler
                0x00000000080002e4                USART1_IRQHandler
                0x00000000080002e4                I2C1_ER_IRQHandler
                0x00000000080002e4                EXTI2_TSC_IRQHandler
                0x00000000080002e4                TIM1_BRK_TIM15_IRQHandler
 *fill*         0x00000000080002e6        0x2 
 .text.HAL_IncTick
                0x00000000080002e8       0x28 Drivers/STM32F3xx_HAL_Driver/Src/stm32f3xx_hal.o
                0x00000000080002e8                HAL_IncTick
 .text.HAL_CAN_IRQHandler
                0x0000000008000310      0x362 Drivers/STM32F3xx_HAL_Driver/Src/stm32f3xx_hal_can.o
                0x0000000008000310                HAL_CAN_IRQHandler
 .text.HAL_CAN_TxMailbox0CompleteCallback
                0x0000000008000672       0x14 Drivers/STM32F3xx_HAL_Driver/Src/stm32f3xx_hal_can.o
                0x0000000008000672                HAL_CAN_TxMailbox0CompleteCallback
 .text.HAL_CAN_TxMailbox1CompleteCallback
                0x0000000008000686       0x14 Drivers/STM32F3xx_HAL_Driver/Src/stm32f3xx_hal_can.o
                0x0000000008000686                HAL_CAN_TxMailbox1CompleteCallback
 .text.HAL_CAN_TxMailbox2CompleteCallback
                0x000000000800069a       0x14 Drivers/STM32F3xx_HAL_Driver/Src/stm32f3xx_hal_can.o
                0x000000000800069a                HAL_CAN_TxMailbox2CompleteCallback
 .text.HAL_CAN_TxMailbox0AbortCallback
                0x00000000080006ae       0x14 Drivers/STM32F3xx_HAL_Driver/Src/stm32f3xx_hal_can.o
                0x00000000080006ae                HAL_CAN_TxMailbox0AbortCallback
 .text.HAL_CAN_TxMailbox1AbortCallback
                0x00000000080006c2       0x14 Drivers/STM32F3xx_HAL_Driver/Src/stm32f3xx_hal_can.o
                0x00000000080006c2                HAL_CAN_TxMailbox1AbortCallback
 .text.HAL_CAN_TxMailbox2AbortCallback
                0x00000000080006d6       0x14 Drivers/STM32F3xx_HAL_Driver/Src/stm32f3xx_hal_can.o
                0x00000000080006d6                HAL_CAN_TxMailbox2AbortCallback
 .text.HAL_CAN_RxFifo0MsgPendingCallback
                0x00000000080006ea       0x14 Drivers/STM32F3xx_HAL_Driver/Src/stm32f3xx_hal_can.o
                0x00000000080006ea                HAL_CAN_RxFifo0MsgPendingCallback
 .text.HAL_CAN_RxFifo0FullCallback
                0x00000000080006fe       0x14 Drivers/STM32F3xx_HAL_Driver/Src/stm32f3xx_hal_can.o
                0x00000000080006fe                HAL_CAN_RxFifo0FullCallback
 .text.HAL_CAN_RxFifo1MsgPendingCallback
                0x0000000008000712       0x14 Drivers/STM32F3xx_HAL_Driver/Src/stm32f3xx_hal_can.o
                0x0000000008000712                HAL_CAN_RxFifo1MsgPendingCallback
 .text.HAL_CAN_RxFifo1FullCallback
                0x0000000008000726       0x14 Drivers/STM32F3xx_HAL_Driver/Src/stm32f3xx_hal_can.o
                0x0000000008000726                HAL_CAN_RxFifo1FullCallback
 .text.HAL_CAN_SleepCallback
                0x000000000800073a       0x14 Drivers/STM32F3xx_HAL_Driver/Src/stm32f3xx_hal_can.o
                0x000000000800073a                HAL_CAN_SleepCallback
 .text.HAL_CAN_WakeUpFromRxMsgCallback
                0x000000000800074e       0x14 Drivers/STM32F3xx_HAL_Driver/Src/stm32f3xx_hal_can.o
                0x000000000800074e                HAL_CAN_WakeUpFromRxMsgCallback
 .text.HAL_CAN_ErrorCallback
                0x0000000008000762       0x14 Drivers/STM32F3xx_HAL_Driver/Src/stm32f3xx_hal_can.o
                0x0000000008000762                HAL_CAN_ErrorCallback
 .text.HAL_DMA_IRQHandler
                0x0000000008000776      0x146 Drivers/STM32F3xx_HAL_Driver/Src/stm32f3xx_hal_dma.o
                0x0000000008000776                HAL_DMA_IRQHandler
 .text.HAL_RCC_NMI_IRQHandler
                0x00000000080008bc       0x28 Drivers/STM32F3xx_HAL_Driver/Src/stm32f3xx_hal_rcc.o
                0x00000000080008bc                HAL_RCC_NMI_IRQHandler
 .text.HAL_RCC_CSSCallback
                0x00000000080008e4        0xe Drivers/STM32F3xx_HAL_Driver/Src/stm32f3xx_hal_rcc.o
                0x00000000080008e4                HAL_RCC_CSSCallback
 .text.HAL_TIM_IRQHandler
                0x00000000080008f2      0x23e Drivers/STM32F3xx_HAL_Driver/Src/stm32f3xx_hal_tim.o
                0x00000000080008f2                HAL_TIM_IRQHandler
 .text.HAL_TIM_PeriodElapsedCallback
                0x0000000008000b30       0x14 Drivers/STM32F3xx_HAL_Driver/Src/stm32f3xx_hal_tim.o
                0x0000000008000b30                HAL_TIM_PeriodElapsedCallback
 .text.HAL_TIM_OC_DelayElapsedCallback
                0x0000000008000b44       0x14 Drivers/STM32F3xx_HAL_Driver/Src/stm32f3xx_hal_tim.o
                0x0000000008000b44                HAL_TIM_OC_DelayElapsedCallback
 .text.HAL_TIM_IC_CaptureCallback
                0x0000000008000b58       0x14 Drivers/STM32F3xx_HAL_Driver/Src/stm32f3xx_hal_tim.o
                0x0000000008000b58                HAL_TIM_IC_CaptureCallback
 .text.HAL_TIM_PWM_PulseFinishedCallback
                0x0000000008000b6c       0x14 Drivers/STM32F3xx_HAL_Driver/Src/stm32f3xx_hal_tim.o
                0x0000000008000b6c                HAL_TIM_PWM_PulseFinishedCallback
 .text.HAL_TIM_TriggerCallback
                0x0000000008000b80       0x14 Drivers/STM32F3xx_HAL_Driver/Src/stm32f3xx_hal_tim.o
                0x0000000008000b80                HAL_TIM_TriggerCallback
 .text.HAL_TIMEx_CommutCallback
                0x0000000008000b94       0x14 Drivers/STM32F3xx_HAL_Driver/Src/stm32f3xx_hal_tim_ex.o
                0x0000000008000b94                HAL_TIMEx_CommutCallback
 .text.HAL_TIMEx_BreakCallback
                0x0000000008000ba8       0x14 Drivers/STM32F3xx_HAL_Driver/Src/stm32f3xx_hal_tim_ex.o
                0x0000000008000ba8                HAL_TIMEx_BreakCallback
 .text.HAL_TIMEx_Break2Callback
                0x0000000008000bbc       0x14 Drivers/STM32F3xx_HAL_Driver/Src/stm32f3xx_hal_tim_ex.o
                0x0000000008000bbc                HAL_TIMEx_Break2Callback
 .text.__libc_init_array
                0x0000000008000bd0       0x48 h:/stm32/ide/stm32cubeide_1.5.0/stm32cubeide/plugins/com.st.stm32cube.ide.mcu.externaltools.gnu-tools-for-stm32.7-2018-q2-update.win32_1.5.0.202011040924/tools/bin/../lib/gcc/arm-none-eabi/7.3.1/../../../../arm-none-eabi/lib/thumb/v7e-m/fpv4-sp/hard\libc_nano.a(lib_a-init.o)
                0x0000000008000bd0                __libc_init_array
 *(.glue_7)
 .glue_7        0x0000000008000c18        0x0 linker stubs
 *(.glue_7t)
 .glue_7t       0x0000000008000c18        0x0 linker stubs
 *(.eh_frame)
 .eh_frame      0x0000000008000c18        0x0 h:/stm32/ide/stm32cubeide_1.5.0/stm32cubeide/plugins/com.st.stm32cube.ide.mcu.externaltools.gnu-tools-for-stm32.7-2018-q2-update.win32_1.5.0.202011040924/tools/bin/../lib/gcc/arm-none-eabi/7.3.1/thumb/v7e-m/fpv4-sp/hard/crtbegin.o
 *(.init)
 .init          0x0000000008000c18        0x4 h:/stm32/ide/stm32cubeide_1.5.0/stm32cubeide/plugins/com.st.stm32cube.ide.mcu.externaltools.gnu-tools-for-stm32.7-2018-q2-update.win32_1.5.0.202011040924/tools/bin/../lib/gcc/arm-none-eabi/7.3.1/thumb/v7e-m/fpv4-sp/hard/crti.o
                0x0000000008000c18                _init
 .init          0x0000000008000c1c        0x8 h:/stm32/ide/stm32cubeide_1.5.0/stm32cubeide/plugins/com.st.stm32cube.ide.mcu.externaltools.gnu-tools-for-stm32.7-2018-q2-update.win32_1.5.0.202011040924/tools/bin/../lib/gcc/arm-none-eabi/7.3.1/thumb/v7e-m/fpv4-sp/hard/crtn.o
 *(.fini)
 .fini          0x0000000008000c24        0x4 h:/stm32/ide/stm32cubeide_1.5.0/stm32cubeide/plugins/com.st.stm32cube.ide.mcu.externaltools.gnu-tools-for-stm32.7-2018-q2-update.win32_1.5.0.202011040924/tools/bin/../lib/gcc/arm-none-eabi/7.3.1/thumb/v7e-m/fpv4-sp/hard/crti.o
                0x0000000008000c24                _fini
 .fini          0x0000000008000c28        0x8 h:/stm32/ide/stm32cubeide_1.5.0/stm32cubeide/plugins/com.st.stm32cube.ide.mcu.externaltools.gnu-tools-for-stm32.7-2018-q2-update.win32_1.5.0.202011040924/tools/bin/../lib/gcc/arm-none-eabi/7.3.1/thumb/v7e-m/fpv4-sp/hard/crtn.o
                0x0000000008000c30                . = ALIGN (0x4)
                0x0000000008000c30                _etext = .

.vfp11_veneer   0x0000000008000c30        0x0
 .vfp11_veneer  0x0000000008000c30        0x0 linker stubs

.v4_bx          0x0000000008000c30        0x0
 .v4_bx         0x0000000008000c30        0x0 linker stubs

.iplt           0x0000000008000c30        0x0
 .iplt          0x0000000008000c30        0x0 h:/stm32/ide/stm32cubeide_1.5.0/stm32cubeide/plugins/com.st.stm32cube.ide.mcu.externaltools.gnu-tools-for-stm32.7-2018-q2-update.win32_1.5.0.202011040924/tools/bin/../lib/gcc/arm-none-eabi/7.3.1/thumb/v7e-m/fpv4-sp/hard/crtbegin.o

.rel.dyn        0x0000000008000c30        0x0
 .rel.iplt      0x0000000008000c30        0x0 h:/stm32/ide/stm32cubeide_1.5.0/stm32cubeide/plugins/com.st.stm32cube.ide.mcu.externaltools.gnu-tools-for-stm32.7-2018-q2-update.win32_1.5.0.202011040924/tools/bin/../lib/gcc/arm-none-eabi/7.3.1/thumb/v7e-m/fpv4-sp/hard/crtbegin.o

.rodata         0x0000000008000c30        0x0
                0x0000000008000c30                . = ALIGN (0x4)
 *(.rodata)
 *(.rodata*)
                0x0000000008000c30                . = ALIGN (0x4)

.ARM.extab      0x0000000008000c30        0x0
                0x0000000008000c30                . = ALIGN (0x4)
 *(.ARM.extab* .gnu.linkonce.armextab.*)
                0x0000000008000c30                . = ALIGN (0x4)

.ARM            0x0000000008000c30        0x0
                0x0000000008000c30                . = ALIGN (0x4)
                0x0000000008000c30                __exidx_start = .
 *(.ARM.exidx*)
                0x0000000008000c30                __exidx_end = .
                0x0000000008000c30                . = ALIGN (0x4)

.preinit_array  0x0000000008000c30        0x0
                0x0000000008000c30                . = ALIGN (0x4)
                0x0000000008000c30                PROVIDE (__preinit_array_start = .)
 *(.preinit_array*)
                0x0000000008000c30                PROVIDE (__preinit_array_end = .)
                0x0000000008000c30                . = ALIGN (0x4)

.init_array     0x0000000008000c30        0x4
                0x0000000008000c30                . = ALIGN (0x4)
                0x0000000008000c30                PROVIDE (__init_array_start = .)
 *(SORT_BY_NAME(.init_array.*))
 *(.init_array*)
 .init_array    0x0000000008000c30        0x4 h:/stm32/ide/stm32cubeide_1.5.0/stm32cubeide/plugins/com.st.stm32cube.ide.mcu.externaltools.gnu-tools-for-stm32.7-2018-q2-update.win32_1.5.0.202011040924/tools/bin/../lib/gcc/arm-none-eabi/7.3.1/thumb/v7e-m/fpv4-sp/hard/crtbegin.o
                0x0000000008000c34                PROVIDE (__init_array_end = .)
                0x0000000008000c34                . = ALIGN (0x4)

.fini_array     0x0000000008000c34        0x4
                0x0000000008000c34                . = ALIGN (0x4)
                [!provide]                        PROVIDE (__fini_array_start = .)
 *(SORT_BY_NAME(.fini_array.*))
 *(.fini_array*)
 .fini_array    0x0000000008000c34        0x4 h:/stm32/ide/stm32cubeide_1.5.0/stm32cubeide/plugins/com.st.stm32cube.ide.mcu.externaltools.gnu-tools-for-stm32.7-2018-q2-update.win32_1.5.0.202011040924/tools/bin/../lib/gcc/arm-none-eabi/7.3.1/thumb/v7e-m/fpv4-sp/hard/crtbegin.o
                [!provide]                        PROVIDE (__fini_array_end = .)
                0x0000000008000c38                . = ALIGN (0x4)
                0x0000000008000c38                _sidata = LOADADDR (.data)

.data           0x0000000020000000        0x4 load address 0x0000000008000c38
                0x0000000020000000                . = ALIGN (0x4)
                0x0000000020000000                _sdata = .
 *(.data)
 *(.data*)
 .data.uwTickFreq
                0x0000000020000000        0x1 Drivers/STM32F3xx_HAL_Driver/Src/stm32f3xx_hal.o
                0x0000000020000000                uwTickFreq
 *(.RamFunc)
 *(.RamFunc*)
                0x0000000020000004                . = ALIGN (0x4)
 *fill*         0x0000000020000001        0x3 
                0x0000000020000004                _edata = .
                0x0000000008000c3c                _siccmram = LOADADDR (.ccmram)

.igot.plt       0x0000000020000004        0x0 load address 0x0000000008000c3c
 .igot.plt      0x0000000020000004        0x0 h:/stm32/ide/stm32cubeide_1.5.0/stm32cubeide/plugins/com.st.stm32cube.ide.mcu.externaltools.gnu-tools-for-stm32.7-2018-q2-update.win32_1.5.0.202011040924/tools/bin/../lib/gcc/arm-none-eabi/7.3.1/thumb/v7e-m/fpv4-sp/hard/crtbegin.o

.ccmram         0x0000000010000000        0x0 load address 0x0000000008000c3c
                0x0000000010000000                . = ALIGN (0x4)
                0x0000000010000000                _sccmram = .
 *(.ccmram)
 *(.ccmram*)
                0x0000000010000000                . = ALIGN (0x4)
                0x0000000010000000                _eccmram = .
                0x0000000010000000                . = ALIGN (0x4)

.bss            0x0000000020000004      0x2a0
                0x0000000020000004                _sbss = .
                0x0000000020000004                __bss_start__ = _sbss
 *(.bss)
 .bss           0x0000000020000004       0x1c h:/stm32/ide/stm32cubeide_1.5.0/stm32cubeide/plugins/com.st.stm32cube.ide.mcu.externaltools.gnu-tools-for-stm32.7-2018-q2-update.win32_1.5.0.202011040924/tools/bin/../lib/gcc/arm-none-eabi/7.3.1/thumb/v7e-m/fpv4-sp/hard/crtbegin.o
 *(.bss*)
 *(COMMON)
 COMMON         0x0000000020000020      0x128 Core/Src/adc.o
                0x0000000020000020                hadc2
                0x0000000020000070                hadc1
                0x00000000200000c0                hdma_adc1
                0x0000000020000104                hdma_adc2
 COMMON         0x0000000020000148       0x28 Core/Src/can.o
                0x0000000020000148                hcan
 COMMON         0x0000000020000170      0x130 Core/Src/tim.o
                0x0000000020000170                htim3
                0x00000000200001bc                htim6
                0x0000000020000208                htim1
                0x0000000020000254                htim2
 COMMON         0x00000000200002a0        0x4 Drivers/STM32F3xx_HAL_Driver/Src/stm32f3xx_hal.o
                0x00000000200002a0                uwTick
                0x00000000200002a4                . = ALIGN (0x4)
                0x00000000200002a4                _ebss = .
                0x00000000200002a4                __bss_end__ = _ebss

._user_heap_stack
                0x00000000200002a4      0x604
                0x00000000200002a8                . = ALIGN (0x8)
 *fill*         0x00000000200002a4        0x4 
                [!provide]                        PROVIDE (end = .)
                0x00000000200002a8                PROVIDE (_end = .)
                0x00000000200004a8                . = (. + _Min_Heap_Size)
 *fill*         0x00000000200002a8      0x200 
                0x00000000200008a8                . = (. + _Min_Stack_Size)
 *fill*         0x00000000200004a8      0x400 
                0x00000000200008a8                . = ALIGN (0x8)

/DISCARD/
 libc.a(*)
 libm.a(*)
 libgcc.a(*)

.ARM.attributes
                0x0000000000000000       0x30
 *(.ARM.attributes)
 .ARM.attributes
                0x0000000000000000       0x22 h:/stm32/ide/stm32cubeide_1.5.0/stm32cubeide/plugins/com.st.stm32cube.ide.mcu.externaltools.gnu-tools-for-stm32.7-2018-q2-update.win32_1.5.0.202011040924/tools/bin/../lib/gcc/arm-none-eabi/7.3.1/thumb/v7e-m/fpv4-sp/hard/crti.o
 .ARM.attributes
                0x0000000000000022       0x34 h:/stm32/ide/stm32cubeide_1.5.0/stm32cubeide/plugins/com.st.stm32cube.ide.mcu.externaltools.gnu-tools-for-stm32.7-2018-q2-update.win32_1.5.0.202011040924/tools/bin/../lib/gcc/arm-none-eabi/7.3.1/thumb/v7e-m/fpv4-sp/hard/crtbegin.o
 .ARM.attributes
                0x0000000000000056       0x39 Core/Src/adc.o
 .ARM.attributes
                0x000000000000008f       0x39 Core/Src/can.o
 .ARM.attributes
                0x00000000000000c8       0x39 Core/Src/stm32f3xx_it.o
 .ARM.attributes
                0x0000000000000101       0x39 Core/Src/system_stm32f3xx.o
 .ARM.attributes
                0x000000000000013a       0x39 Core/Src/tim.o
 .ARM.attributes
                0x0000000000000173       0x21 Core/Startup/startup_stm32f334c8tx.o
 .ARM.attributes
                0x0000000000000194       0x39 Drivers/STM32F3xx_HAL_Driver/Src/stm32f3xx_hal.o
 .ARM.attributes
                0x00000000000001cd       0x39 Drivers/STM32F3xx_HAL_Driver/Src/stm32f3xx_hal_can.o
 .ARM.attributes
                0x0000000000000206       0x39 Drivers/STM32F3xx_HAL_Driver/Src/stm32f3xx_hal_dma.o
 .ARM.attributes
                0x000000000000023f       0x39 Drivers/STM32F3xx_HAL_Driver/Src/stm32f3xx_hal_rcc.o
 .ARM.attributes
                0x0000000000000278       0x39 Drivers/STM32F3xx_HAL_Driver/Src/stm32f3xx_hal_tim.o
 .ARM.attributes
                0x00000000000002b1       0x39 Drivers/STM32F3xx_HAL_Driver/Src/stm32f3xx_hal_tim_ex.o
 .ARM.attributes
                0x00000000000002ea       0x34 h:/stm32/ide/stm32cubeide_1.5.0/stm32cubeide/plugins/com.st.stm32cube.ide.mcu.externaltools.gnu-tools-for-stm32.7-2018-q2-update.win32_1.5.0.202011040924/tools/bin/../lib/gcc/arm-none-eabi/7.3.1/../../../../arm-none-eabi/lib/thumb/v7e-m/fpv4-sp/hard\libc_nano.a(lib_a-init.o)
 .ARM.attributes
                0x000000000000031e       0x22 h:/stm32/ide/stm32cubeide_1.5.0/stm32cubeide/plugins/com.st.stm32cube.ide.mcu.externaltools.gnu-tools-for-stm32.7-2018-q2-update.win32_1.5.0.202011040924/tools/bin/../lib/gcc/arm-none-eabi/7.3.1/thumb/v7e-m/fpv4-sp/hard/crtn.o
OUTPUT(SuperCAP.elf elf32-littlearm)

.debug_info     0x0000000000000000     0xa8f6
 .debug_info    0x0000000000000000      0xaef Core/Src/adc.o
 .debug_info    0x0000000000000aef      0x920 Core/Src/can.o
 .debug_info    0x000000000000140f      0xb6e Core/Src/stm32f3xx_it.o
 .debug_info    0x0000000000001f7d      0x45c Core/Src/system_stm32f3xx.o
 .debug_info    0x00000000000023d9      0xe8a Core/Src/tim.o
 .debug_info    0x0000000000003263       0x22 Core/Startup/startup_stm32f334c8tx.o
 .debug_info    0x0000000000003285      0x782 Drivers/STM32F3xx_HAL_Driver/Src/stm32f3xx_hal.o
 .debug_info    0x0000000000003a07      0xf9b Drivers/STM32F3xx_HAL_Driver/Src/stm32f3xx_hal_can.o
 .debug_info    0x00000000000049a2      0x7cb Drivers/STM32F3xx_HAL_Driver/Src/stm32f3xx_hal_dma.o
 .debug_info    0x000000000000516d     0x180f Drivers/STM32F3xx_HAL_Driver/Src/stm32f3xx_hal_rcc.o
 .debug_info    0x000000000000697c     0x2a7a Drivers/STM32F3xx_HAL_Driver/Src/stm32f3xx_hal_tim.o
 .debug_info    0x00000000000093f6     0x1500 Drivers/STM32F3xx_HAL_Driver/Src/stm32f3xx_hal_tim_ex.o

.debug_abbrev   0x0000000000000000     0x1515
 .debug_abbrev  0x0000000000000000      0x1d3 Core/Src/adc.o
 .debug_abbrev  0x00000000000001d3      0x1b6 Core/Src/can.o
 .debug_abbrev  0x0000000000000389      0x194 Core/Src/stm32f3xx_it.o
 .debug_abbrev  0x000000000000051d      0x12b Core/Src/system_stm32f3xx.o
 .debug_abbrev  0x0000000000000648      0x205 Core/Src/tim.o
 .debug_abbrev  0x000000000000084d       0x12 Core/Startup/startup_stm32f334c8tx.o
 .debug_abbrev  0x000000000000085f      0x1c7 Drivers/STM32F3xx_HAL_Driver/Src/stm32f3xx_hal.o
 .debug_abbrev  0x0000000000000a26      0x1ff Drivers/STM32F3xx_HAL_Driver/Src/stm32f3xx_hal_can.o
 .debug_abbrev  0x0000000000000c25      0x1fe Drivers/STM32F3xx_HAL_Driver/Src/stm32f3xx_hal_dma.o
 .debug_abbrev  0x0000000000000e23      0x28c Drivers/STM32F3xx_HAL_Driver/Src/stm32f3xx_hal_rcc.o
 .debug_abbrev  0x00000000000010af      0x230 Drivers/STM32F3xx_HAL_Driver/Src/stm32f3xx_hal_tim.o
 .debug_abbrev  0x00000000000012df      0x236 Drivers/STM32F3xx_HAL_Driver/Src/stm32f3xx_hal_tim_ex.o

.debug_aranges  0x0000000000000000      0xa18
 .debug_aranges
                0x0000000000000000       0x38 Core/Src/adc.o
 .debug_aranges
                0x0000000000000038       0x30 Core/Src/can.o
 .debug_aranges
                0x0000000000000068       0x80 Core/Src/stm32f3xx_it.o
 .debug_aranges
                0x00000000000000e8       0x28 Core/Src/system_stm32f3xx.o
 .debug_aranges
                0x0000000000000110       0x60 Core/Src/tim.o
 .debug_aranges
                0x0000000000000170       0x28 Core/Startup/startup_stm32f334c8tx.o
 .debug_aranges
                0x0000000000000198       0xe0 Drivers/STM32F3xx_HAL_Driver/Src/stm32f3xx_hal.o
 .debug_aranges
                0x0000000000000278      0x138 Drivers/STM32F3xx_HAL_Driver/Src/stm32f3xx_hal_can.o
 .debug_aranges
                0x00000000000003b0       0x88 Drivers/STM32F3xx_HAL_Driver/Src/stm32f3xx_hal_dma.o
 .debug_aranges
                0x0000000000000438       0x88 Drivers/STM32F3xx_HAL_Driver/Src/stm32f3xx_hal_rcc.o
 .debug_aranges
                0x00000000000004c0      0x3e0 Drivers/STM32F3xx_HAL_Driver/Src/stm32f3xx_hal_tim.o
 .debug_aranges
                0x00000000000008a0      0x178 Drivers/STM32F3xx_HAL_Driver/Src/stm32f3xx_hal_tim_ex.o

.debug_ranges   0x0000000000000000      0x960
 .debug_ranges  0x0000000000000000       0x28 Core/Src/adc.o
 .debug_ranges  0x0000000000000028       0x20 Core/Src/can.o
 .debug_ranges  0x0000000000000048       0x70 Core/Src/stm32f3xx_it.o
 .debug_ranges  0x00000000000000b8       0x18 Core/Src/system_stm32f3xx.o
 .debug_ranges  0x00000000000000d0       0x50 Core/Src/tim.o
 .debug_ranges  0x0000000000000120       0x20 Core/Startup/startup_stm32f334c8tx.o
 .debug_ranges  0x0000000000000140       0xd0 Drivers/STM32F3xx_HAL_Driver/Src/stm32f3xx_hal.o
 .debug_ranges  0x0000000000000210      0x128 Drivers/STM32F3xx_HAL_Driver/Src/stm32f3xx_hal_can.o
 .debug_ranges  0x0000000000000338       0x78 Drivers/STM32F3xx_HAL_Driver/Src/stm32f3xx_hal_dma.o
 .debug_ranges  0x00000000000003b0       0x78 Drivers/STM32F3xx_HAL_Driver/Src/stm32f3xx_hal_rcc.o
 .debug_ranges  0x0000000000000428      0x3d0 Drivers/STM32F3xx_HAL_Driver/Src/stm32f3xx_hal_tim.o
 .debug_ranges  0x00000000000007f8      0x168 Drivers/STM32F3xx_HAL_Driver/Src/stm32f3xx_hal_tim_ex.o

.debug_macro    0x0000000000000000    0x21053
 .debug_macro   0x0000000000000000      0x1f3 Core/Src/adc.o
 .debug_macro   0x00000000000001f3      0xa5a Core/Src/adc.o
 .debug_macro   0x0000000000000c4d      0x163 Core/Src/adc.o
 .debug_macro   0x0000000000000db0       0x2e Core/Src/adc.o
 .debug_macro   0x0000000000000dde       0x28 Core/Src/adc.o
 .debug_macro   0x0000000000000e06       0x22 Core/Src/adc.o
 .debug_macro   0x0000000000000e28       0x8e Core/Src/adc.o
 .debug_macro   0x0000000000000eb6       0x51 Core/Src/adc.o
 .debug_macro   0x0000000000000f07       0xef Core/Src/adc.o
 .debug_macro   0x0000000000000ff6       0x6a Core/Src/adc.o
 .debug_macro   0x0000000000001060      0x1df Core/Src/adc.o
 .debug_macro   0x000000000000123f       0x1c Core/Src/adc.o
 .debug_macro   0x000000000000125b       0x22 Core/Src/adc.o
 .debug_macro   0x000000000000127d       0xdf Core/Src/adc.o
 .debug_macro   0x000000000000135c      0xf07 Core/Src/adc.o
 .debug_macro   0x0000000000002263    0x1585b Core/Src/adc.o
 .debug_macro   0x0000000000017abe       0x6d Core/Src/adc.o
 .debug_macro   0x0000000000017b2b     0x3540 Core/Src/adc.o
 .debug_macro   0x000000000001b06b      0x174 Core/Src/adc.o
 .debug_macro   0x000000000001b1df       0x55 Core/Src/adc.o
 .debug_macro   0x000000000001b234      0x8f9 Core/Src/adc.o
 .debug_macro   0x000000000001bb2d      0x358 Core/Src/adc.o
 .debug_macro   0x000000000001be85      0x1b6 Core/Src/adc.o
 .debug_macro   0x000000000001c03b      0x130 Core/Src/adc.o
 .debug_macro   0x000000000001c16b      0x1d5 Core/Src/adc.o
 .debug_macro   0x000000000001c340      0x1bc Core/Src/adc.o
 .debug_macro   0x000000000001c4fc       0x34 Core/Src/adc.o
 .debug_macro   0x000000000001c530       0x3c Core/Src/adc.o
 .debug_macro   0x000000000001c56c       0x57 Core/Src/adc.o
 .debug_macro   0x000000000001c5c3      0x845 Core/Src/adc.o
 .debug_macro   0x000000000001ce08       0x77 Core/Src/adc.o
 .debug_macro   0x000000000001ce7f      0x408 Core/Src/adc.o
 .debug_macro   0x000000000001d287       0xc5 Core/Src/adc.o
 .debug_macro   0x000000000001d34c      0x19f Core/Src/adc.o
 .debug_macro   0x000000000001d4eb     0x166e Core/Src/adc.o
 .debug_macro   0x000000000001eb59      0x22c Core/Src/adc.o
 .debug_macro   0x000000000001ed85       0x5b Core/Src/adc.o
 .debug_macro   0x000000000001ede0       0xa5 Core/Src/adc.o
 .debug_macro   0x000000000001ee85       0x81 Core/Src/adc.o
 .debug_macro   0x000000000001ef06       0xd3 Core/Src/adc.o
 .debug_macro   0x000000000001efd9      0xa3d Core/Src/adc.o
 .debug_macro   0x000000000001fa16       0x59 Core/Src/adc.o
 .debug_macro   0x000000000001fa6f      0x2a1 Core/Src/adc.o
 .debug_macro   0x000000000001fd10      0x1f3 Core/Src/can.o
 .debug_macro   0x000000000001ff03      0x1f3 Core/Src/stm32f3xx_it.o
 .debug_macro   0x00000000000200f6      0x1df Core/Src/system_stm32f3xx.o
 .debug_macro   0x00000000000202d5      0x1f3 Core/Src/tim.o
 .debug_macro   0x00000000000204c8      0x203 Drivers/STM32F3xx_HAL_Driver/Src/stm32f3xx_hal.o
 .debug_macro   0x00000000000206cb      0x1e7 Drivers/STM32F3xx_HAL_Driver/Src/stm32f3xx_hal_can.o
 .debug_macro   0x00000000000208b2      0x1df Drivers/STM32F3xx_HAL_Driver/Src/stm32f3xx_hal_dma.o
 .debug_macro   0x0000000000020a91      0x203 Drivers/STM32F3xx_HAL_Driver/Src/stm32f3xx_hal_rcc.o
 .debug_macro   0x0000000000020c94      0x1e0 Drivers/STM32F3xx_HAL_Driver/Src/stm32f3xx_hal_tim.o
 .debug_macro   0x0000000000020e74      0x1df Drivers/STM32F3xx_HAL_Driver/Src/stm32f3xx_hal_tim_ex.o

.debug_line     0x0000000000000000     0x8cff
 .debug_line    0x0000000000000000      0x7d3 Core/Src/adc.o
 .debug_line    0x00000000000007d3      0x760 Core/Src/can.o
 .debug_line    0x0000000000000f33      0x818 Core/Src/stm32f3xx_it.o
 .debug_line    0x000000000000174b      0x744 Core/Src/system_stm32f3xx.o
 .debug_line    0x0000000000001e8f      0x857 Core/Src/tim.o
 .debug_line    0x00000000000026e6       0x88 Core/Startup/startup_stm32f334c8tx.o
 .debug_line    0x000000000000276e      0x902 Drivers/STM32F3xx_HAL_Driver/Src/stm32f3xx_hal.o
 .debug_line    0x0000000000003070      0xbce Drivers/STM32F3xx_HAL_Driver/Src/stm32f3xx_hal_can.o
 .debug_line    0x0000000000003c3e      0x93b Drivers/STM32F3xx_HAL_Driver/Src/stm32f3xx_hal_dma.o
 .debug_line    0x0000000000004579      0xe7b Drivers/STM32F3xx_HAL_Driver/Src/stm32f3xx_hal_rcc.o
 .debug_line    0x00000000000053f4     0x2654 Drivers/STM32F3xx_HAL_Driver/Src/stm32f3xx_hal_tim.o
 .debug_line    0x0000000000007a48     0x12b7 Drivers/STM32F3xx_HAL_Driver/Src/stm32f3xx_hal_tim_ex.o

.debug_str      0x0000000000000000    0xd6732
 .debug_str     0x0000000000000000    0xd3a0e Core/Src/adc.o
                                      0xd3d03 (size before relaxing)
 .debug_str     0x00000000000d3a0e      0x4e9 Core/Src/can.o
                                      0xd3dea (size before relaxing)
 .debug_str     0x00000000000d3ef7      0x390 Core/Src/stm32f3xx_it.o
                                      0xd3f37 (size before relaxing)
 .debug_str     0x00000000000d4287       0xb3 Core/Src/system_stm32f3xx.o
                                      0xd37a4 (size before relaxing)
 .debug_str     0x00000000000d433a      0x2b8 Core/Src/tim.o
                                      0xd42ce (size before relaxing)
 .debug_str     0x00000000000d45f2       0x36 Core/Startup/startup_stm32f334c8tx.o
                                         0x55 (size before relaxing)
 .debug_str     0x00000000000d4628      0x32a Drivers/STM32F3xx_HAL_Driver/Src/stm32f3xx_hal.o
                                      0xd3e6a (size before relaxing)
 .debug_str     0x00000000000d4952      0x581 Drivers/STM32F3xx_HAL_Driver/Src/stm32f3xx_hal_can.o
                                      0xd3f4b (size before relaxing)
 .debug_str     0x00000000000d4ed3      0x255 Drivers/STM32F3xx_HAL_Driver/Src/stm32f3xx_hal_dma.o
                                      0xd3b1e (size before relaxing)
 .debug_str     0x00000000000d5128      0x3f9 Drivers/STM32F3xx_HAL_Driver/Src/stm32f3xx_hal_rcc.o
                                      0xd3c12 (size before relaxing)
 .debug_str     0x00000000000d5521      0xd7d Drivers/STM32F3xx_HAL_Driver/Src/stm32f3xx_hal_tim.o
                                      0xd4b67 (size before relaxing)
 .debug_str     0x00000000000d629e      0x494 Drivers/STM32F3xx_HAL_Driver/Src/stm32f3xx_hal_tim_ex.o
                                      0xd436b (size before relaxing)

.comment        0x0000000000000000       0x7b
 .comment       0x0000000000000000       0x7b Core/Src/adc.o
                                         0x7c (size before relaxing)
 .comment       0x000000000000007b       0x7c Core/Src/can.o
 .comment       0x000000000000007b       0x7c Core/Src/stm32f3xx_it.o
 .comment       0x000000000000007b       0x7c Core/Src/system_stm32f3xx.o
 .comment       0x000000000000007b       0x7c Core/Src/tim.o
 .comment       0x000000000000007b       0x7c Drivers/STM32F3xx_HAL_Driver/Src/stm32f3xx_hal.o
 .comment       0x000000000000007b       0x7c Drivers/STM32F3xx_HAL_Driver/Src/stm32f3xx_hal_can.o
 .comment       0x000000000000007b       0x7c Drivers/STM32F3xx_HAL_Driver/Src/stm32f3xx_hal_dma.o
 .comment       0x000000000000007b       0x7c Drivers/STM32F3xx_HAL_Driver/Src/stm32f3xx_hal_rcc.o
 .comment       0x000000000000007b       0x7c Drivers/STM32F3xx_HAL_Driver/Src/stm32f3xx_hal_tim.o
 .comment       0x000000000000007b       0x7c Drivers/STM32F3xx_HAL_Driver/Src/stm32f3xx_hal_tim_ex.o

.debug_frame    0x0000000000000000     0x2a1c
 .debug_frame   0x0000000000000000       0xa0 Core/Src/adc.o
 .debug_frame   0x00000000000000a0       0x74 Core/Src/can.o
 .debug_frame   0x0000000000000114      0x178 Core/Src/stm32f3xx_it.o
 .debug_frame   0x000000000000028c       0x58 Core/Src/system_stm32f3xx.o
 .debug_frame   0x00000000000002e4      0x15c Core/Src/tim.o
 .debug_frame   0x0000000000000440      0x334 Drivers/STM32F3xx_HAL_Driver/Src/stm32f3xx_hal.o
 .debug_frame   0x0000000000000774      0x5a0 Drivers/STM32F3xx_HAL_Driver/Src/stm32f3xx_hal_can.o
 .debug_frame   0x0000000000000d14      0x224 Drivers/STM32F3xx_HAL_Driver/Src/stm32f3xx_hal_dma.o
 .debug_frame   0x0000000000000f38      0x214 Drivers/STM32F3xx_HAL_Driver/Src/stm32f3xx_hal_rcc.o
 .debug_frame   0x000000000000114c     0x121c Drivers/STM32F3xx_HAL_Driver/Src/stm32f3xx_hal_tim.o
 .debug_frame   0x0000000000002368      0x688 Drivers/STM32F3xx_HAL_Driver/Src/stm32f3xx_hal_tim_ex.o
 .debug_frame   0x00000000000029f0       0x2c h:/stm32/ide/stm32cubeide_1.5.0/stm32cubeide/plugins/com.st.stm32cube.ide.mcu.externaltools.gnu-tools-for-stm32.7-2018-q2-update.win32_1.5.0.202011040924/tools/bin/../lib/gcc/arm-none-eabi/7.3.1/../../../../arm-none-eabi/lib/thumb/v7e-m/fpv4-sp/hard\libc_nano.a(lib_a-init.o)
